#
# There is insufficient memory for the Java Runtime Environment to continue.
# Native memory allocation (malloc) failed to allocate 251168 bytes. Error detail: Chunk::new
# Possible reasons:
#   The system is out of physical RAM or swap space
#   This process is running with CompressedOops enabled, and the Java Heap may be blocking the growth of the native heap
# Possible solutions:
#   Reduce memory load on the system
#   Increase physical memory or swap space
#   Check if swap backing store is full
#   Decrease Java heap size (-Xmx/-Xms)
#   Decrease number of Java threads
#   Decrease Java thread stack sizes (-Xss)
#   Set larger code cache with -XX:ReservedCodeCacheSize=
#   JVM is running with Unscaled Compressed Oops mode in which the Java heap is
#     placed in the first 4GB address space. The Java Heap base address is the
#     maximum limit for the native heap growth. Please use -XX:HeapBaseMinAddress
#     to set the Java Heap base and to place the Java Heap above 4GB virtual address.
# This output file may be truncated or incomplete.
#
#  Out of Memory Error (arena.cpp:168), pid=21008, tid=8200
#
# JRE version: OpenJDK Runtime Environment JBR-21.0.7+6-1038.58-jcef (21.0.7+6) (build 21.0.7+6-b1038.58)
# Java VM: OpenJDK 64-Bit Server VM JBR-21.0.7+6-1038.58-jcef (21.0.7+6-b1038.58, mixed mode, sharing, tiered, compressed oops, compressed class ptrs, g1 gc, windows-amd64)
# No core dump will be written. Minidumps are not enabled by default on client versions of Windows
#

---------------  S U M M A R Y ------------

Command Line: -Djava.rmi.server.hostname=127.0.0.1 -Duser.timezone=UTC -Xmx2048m -Xms128m -Djdbc.classpath=C:\Users\rdima\AppData\Local\Temp\RemoteDriver5.classpath.txt --add-exports=java.desktop/sun.awt=ALL-UNNAMED --add-exports=java.desktop/java.awt.peer=ALL-UNNAMED --add-opens=java.desktop/java.awt=ALL-UNNAMED --add-opens=jdk.unsupported/sun.misc=ALL-UNNAMED --add-opens=java.base/java.nio=ALL-UNNAMED --add-opens=java.base/java.util=ALL-UNNAMED -Dfile.encoding=UTF-8 -Dsun.stdout.encoding=UTF-8 -Dsun.stderr.encoding=UTF-8 com.intellij.database.remote.RemoteJdbcServer com.mysql.cj.jdbc.Driver

Host: AMD Ryzen 5 5600H with Radeon Graphics         , 12 cores, 13G,  Windows 11 , 64 bit Build 22621 (10.0.22621.5415)
Time: Wed Jun  3 19:05:54 2026  Windows 11 , 64 bit Build 22621 (10.0.22621.5415) elapsed time: 0.532168 seconds (0d 0h 0m 0s)

---------------  T H R E A D  ---------------

Current thread (0x0000022dcbc6e940):  JavaThread "C2 CompilerThread1" daemon [_thread_in_native, id=8200, stack(0x00000087a8b00000,0x00000087a8c00000) (1024K)]


Current CompileTask:
C2:532  516   !   4       java.util.concurrent.ConcurrentHashMap::transfer (849 bytes)

Stack: [0x00000087a8b00000,0x00000087a8c00000]
Native frames: (J=compiled Java code, j=interpreted, Vv=VM code, C=native code)
V  [jvm.dll+0x6e7c19]
V  [jvm.dll+0x8c5f53]
V  [jvm.dll+0x8c84ae]
V  [jvm.dll+0x8c8b93]
V  [jvm.dll+0x2899e6]
V  [jvm.dll+0xc679d]
V  [jvm.dll+0xc6cd3]
V  [jvm.dll+0x3c526b]
V  [jvm.dll+0x1e62b4]
V  [jvm.dll+0x250b04]
V  [jvm.dll+0x24ff81]
V  [jvm.dll+0x1cd774]
V  [jvm.dll+0x25f80c]
V  [jvm.dll+0x25dd56]
V  [jvm.dll+0x4005d6]
V  [jvm.dll+0x86dab8]
V  [jvm.dll+0x6e639d]
C  [ucrtbase.dll+0x29333]
C  [KERNEL32.DLL+0x1259d]
C  [ntdll.dll+0x5af78]


---------------  P R O C E S S  ---------------

Threads class SMR info:
_java_thread_list=0x0000022dcbc24b90, length=12, elements={
0x0000022db2ebf910, 0x0000022dcb984390, 0x0000022dcb98ae60, 0x0000022dcb98bd40,
0x0000022dcb98e7b0, 0x0000022dcbac0c10, 0x0000022dcbac1670, 0x0000022dcbac20d0,
0x0000022dcbac6e80, 0x0000022dcbac7920, 0x0000022dcbc22470, 0x0000022dcbc6e940
}

Java Threads: ( => current thread )
  0x0000022db2ebf910 JavaThread "main"                              [_thread_in_vm, id=14492, stack(0x00000087a7900000,0x00000087a7a00000) (1024K)]
  0x0000022dcb984390 JavaThread "Common-Cleaner"             daemon [_thread_blocked, id=22008, stack(0x00000087a8100000,0x00000087a8200000) (1024K)]
  0x0000022dcb98ae60 JavaThread "Reference Handler"          daemon [_thread_blocked, id=19240, stack(0x00000087a8200000,0x00000087a8300000) (1024K)]
  0x0000022dcb98bd40 JavaThread "Finalizer"                  daemon [_thread_blocked, id=13664, stack(0x00000087a8300000,0x00000087a8400000) (1024K)]
  0x0000022dcb98e7b0 JavaThread "Signal Dispatcher"          daemon [_thread_blocked, id=7160, stack(0x00000087a8400000,0x00000087a8500000) (1024K)]
  0x0000022dcbac0c10 JavaThread "Attach Listener"            daemon [_thread_blocked, id=19136, stack(0x00000087a8500000,0x00000087a8600000) (1024K)]
  0x0000022dcbac1670 JavaThread "Service Thread"             daemon [_thread_blocked, id=18712, stack(0x00000087a8600000,0x00000087a8700000) (1024K)]
  0x0000022dcbac20d0 JavaThread "Monitor Deflation Thread"   daemon [_thread_blocked, id=20892, stack(0x00000087a8700000,0x00000087a8800000) (1024K)]
  0x0000022dcbac6e80 JavaThread "C2 CompilerThread0"         daemon [_thread_blocked, id=4608, stack(0x00000087a8800000,0x00000087a8900000) (1024K)]
  0x0000022dcbac7920 JavaThread "C1 CompilerThread0"         daemon [_thread_in_native, id=13892, stack(0x00000087a8900000,0x00000087a8a00000) (1024K)]
  0x0000022dcbc22470 JavaThread "Notification Thread"        daemon [_thread_blocked, id=10080, stack(0x00000087a8a00000,0x00000087a8b00000) (1024K)]
=>0x0000022dcbc6e940 JavaThread "C2 CompilerThread1"         daemon [_thread_in_native, id=8200, stack(0x00000087a8b00000,0x00000087a8c00000) (1024K)]
Total: 12

Other Threads:
  0x0000022dcb96ae10 VMThread "VM Thread"                           [id=6608, stack(0x00000087a8000000,0x00000087a8100000) (1024K)]
  0x0000022dcb95af90 WatcherThread "VM Periodic Task Thread"        [id=23072, stack(0x00000087a7f00000,0x00000087a8000000) (1024K)]
  0x0000022db2f159a0 WorkerThread "GC Thread#0"                     [id=22820, stack(0x00000087a7a00000,0x00000087a7b00000) (1024K)]
  0x0000022db2f26a00 ConcurrentGCThread "G1 Main Marker"            [id=9932, stack(0x00000087a7b00000,0x00000087a7c00000) (1024K)]
  0x0000022db2f27500 WorkerThread "G1 Conc#0"                       [id=21256, stack(0x00000087a7c00000,0x00000087a7d00000) (1024K)]
  0x0000022db2f7e8c0 ConcurrentGCThread "G1 Refine#0"               [id=23280, stack(0x00000087a7d00000,0x00000087a7e00000) (1024K)]
  0x0000022dcb81fa80 ConcurrentGCThread "G1 Service"                [id=7708, stack(0x00000087a7e00000,0x00000087a7f00000) (1024K)]
Total: 7

Threads with active compile tasks:
C1 CompilerThread0  543  607       3       jdk.internal.org.objectweb.asm.Frame::execute (2305 bytes)
C2 CompilerThread1  543  516   !   4       java.util.concurrent.ConcurrentHashMap::transfer (849 bytes)
Total: 2

VM state: not at safepoint (normal execution)

VM Mutex/Monitor currently owned by a thread: None

Heap address: 0x0000000080000000, size: 2048 MB, Compressed Oops mode: 32-bit

CDS archive(s) mapped at: [0x0000022dcc000000-0x0000022dcdbf0000-0x0000022dcdbf0000), size 29294592, SharedBaseAddress: 0x0000022dcc000000, ArchiveRelocationMode: 1.
Compressed class space mapped at: 0x0000022dce000000-0x0000022e0e000000, reserved size: 1073741824
Narrow klass base: 0x0000022dcc000000, Narrow klass shift: 0, Narrow klass range: 0x100000000

GC Precious Log:
 CardTable entry size: 512
 Card Set container configuration: InlinePtr #cards 5 size 8 Array Of Cards #cards 12 size 40 Howl #buckets 4 coarsen threshold 1843 Howl Bitmap #cards 512 size 80 coarsen threshold 460 Card regions per heap region 1 cards per card region 2048
 CPUs: 12 total, 12 available
 Memory: 14188M
 Large Page Support: Disabled
 NUMA Support: Disabled
 Compressed Oops: Enabled (32-bit)
 Heap Region Size: 1M
 Heap Min Capacity: 128M
 Heap Initial Capacity: 128M
 Heap Max Capacity: 2G
 Pre-touch: Disabled
 Parallel Workers: 10
 Concurrent Workers: 3
 Concurrent Refinement Workers: 10
 Periodic GC: Disabled

Heap:
 garbage-first heap   total 131072K, used 14336K [0x0000000080000000, 0x0000000100000000)
  region size 1024K, 11 young (11264K), 0 survivors (0K)
 Metaspace       used 1946K, committed 2048K, reserved 1114112K
  class space    used 262K, committed 320K, reserved 1048576K

Heap Regions: E=young(eden), S=young(survivor), O=old, HS=humongous(starts), HC=humongous(continues), CS=collection set, F=free, TAMS=top-at-mark-start, PB=parsable bottom
|   0|0x0000000080000000, 0x0000000080100000, 0x0000000080100000|100%|HS|  |TAMS 0x0000000080000000| PB 0x0000000080000000| Complete 
|   1|0x0000000080100000, 0x0000000080200000, 0x0000000080200000|100%|HC|  |TAMS 0x0000000080100000| PB 0x0000000080100000| Complete 
|   2|0x0000000080200000, 0x0000000080300000, 0x0000000080300000|100%|HS|  |TAMS 0x0000000080200000| PB 0x0000000080200000| Complete 
|   3|0x0000000080300000, 0x0000000080400000, 0x0000000080400000|100%|HS|  |TAMS 0x0000000080300000| PB 0x0000000080300000| Complete 
|   4|0x0000000080400000, 0x0000000080400000, 0x0000000080500000|  0%| F|  |TAMS 0x0000000080400000| PB 0x0000000080400000| Untracked 
|   5|0x0000000080500000, 0x0000000080500000, 0x0000000080600000|  0%| F|  |TAMS 0x0000000080500000| PB 0x0000000080500000| Untracked 
|   6|0x0000000080600000, 0x0000000080600000, 0x0000000080700000|  0%| F|  |TAMS 0x0000000080600000| PB 0x0000000080600000| Untracked 
|   7|0x0000000080700000, 0x0000000080700000, 0x0000000080800000|  0%| F|  |TAMS 0x0000000080700000| PB 0x0000000080700000| Untracked 
|   8|0x0000000080800000, 0x0000000080800000, 0x0000000080900000|  0%| F|  |TAMS 0x0000000080800000| PB 0x0000000080800000| Untracked 
|   9|0x0000000080900000, 0x0000000080900000, 0x0000000080a00000|  0%| F|  |TAMS 0x0000000080900000| PB 0x0000000080900000| Untracked 
|  10|0x0000000080a00000, 0x0000000080a00000, 0x0000000080b00000|  0%| F|  |TAMS 0x0000000080a00000| PB 0x0000000080a00000| Untracked 
|  11|0x0000000080b00000, 0x0000000080b00000, 0x0000000080c00000|  0%| F|  |TAMS 0x0000000080b00000| PB 0x0000000080b00000| Untracked 
|  12|0x0000000080c00000, 0x0000000080c00000, 0x0000000080d00000|  0%| F|  |TAMS 0x0000000080c00000| PB 0x0000000080c00000| Untracked 
|  13|0x0000000080d00000, 0x0000000080d00000, 0x0000000080e00000|  0%| F|  |TAMS 0x0000000080d00000| PB 0x0000000080d00000| Untracked 
|  14|0x0000000080e00000, 0x0000000080e00000, 0x0000000080f00000|  0%| F|  |TAMS 0x0000000080e00000| PB 0x0000000080e00000| Untracked 
|  15|0x0000000080f00000, 0x0000000080f00000, 0x0000000081000000|  0%| F|  |TAMS 0x0000000080f00000| PB 0x0000000080f00000| Untracked 
|  16|0x0000000081000000, 0x0000000081000000, 0x0000000081100000|  0%| F|  |TAMS 0x0000000081000000| PB 0x0000000081000000| Untracked 
|  17|0x0000000081100000, 0x0000000081100000, 0x0000000081200000|  0%| F|  |TAMS 0x0000000081100000| PB 0x0000000081100000| Untracked 
|  18|0x0000000081200000, 0x0000000081200000, 0x0000000081300000|  0%| F|  |TAMS 0x0000000081200000| PB 0x0000000081200000| Untracked 
|  19|0x0000000081300000, 0x0000000081300000, 0x0000000081400000|  0%| F|  |TAMS 0x0000000081300000| PB 0x0000000081300000| Untracked 
|  20|0x0000000081400000, 0x0000000081400000, 0x0000000081500000|  0%| F|  |TAMS 0x0000000081400000| PB 0x0000000081400000| Untracked 
|  21|0x0000000081500000, 0x0000000081500000, 0x0000000081600000|  0%| F|  |TAMS 0x0000000081500000| PB 0x0000000081500000| Untracked 
|  22|0x0000000081600000, 0x0000000081600000, 0x0000000081700000|  0%| F|  |TAMS 0x0000000081600000| PB 0x0000000081600000| Untracked 
|  23|0x0000000081700000, 0x0000000081700000, 0x0000000081800000|  0%| F|  |TAMS 0x0000000081700000| PB 0x0000000081700000| Untracked 
|  24|0x0000000081800000, 0x0000000081800000, 0x0000000081900000|  0%| F|  |TAMS 0x0000000081800000| PB 0x0000000081800000| Untracked 
|  25|0x0000000081900000, 0x0000000081900000, 0x0000000081a00000|  0%| F|  |TAMS 0x0000000081900000| PB 0x0000000081900000| Untracked 
|  26|0x0000000081a00000, 0x0000000081a00000, 0x0000000081b00000|  0%| F|  |TAMS 0x0000000081a00000| PB 0x0000000081a00000| Untracked 
|  27|0x0000000081b00000, 0x0000000081b00000, 0x0000000081c00000|  0%| F|  |TAMS 0x0000000081b00000| PB 0x0000000081b00000| Untracked 
|  28|0x0000000081c00000, 0x0000000081c00000, 0x0000000081d00000|  0%| F|  |TAMS 0x0000000081c00000| PB 0x0000000081c00000| Untracked 
|  29|0x0000000081d00000, 0x0000000081d00000, 0x0000000081e00000|  0%| F|  |TAMS 0x0000000081d00000| PB 0x0000000081d00000| Untracked 
|  30|0x0000000081e00000, 0x0000000081e00000, 0x0000000081f00000|  0%| F|  |TAMS 0x0000000081e00000| PB 0x0000000081e00000| Untracked 
|  31|0x0000000081f00000, 0x0000000081f00000, 0x0000000082000000|  0%| F|  |TAMS 0x0000000081f00000| PB 0x0000000081f00000| Untracked 
|  32|0x0000000082000000, 0x0000000082000000, 0x0000000082100000|  0%| F|  |TAMS 0x0000000082000000| PB 0x0000000082000000| Untracked 
|  33|0x0000000082100000, 0x0000000082100000, 0x0000000082200000|  0%| F|  |TAMS 0x0000000082100000| PB 0x0000000082100000| Untracked 
|  34|0x0000000082200000, 0x0000000082200000, 0x0000000082300000|  0%| F|  |TAMS 0x0000000082200000| PB 0x0000000082200000| Untracked 
|  35|0x0000000082300000, 0x0000000082300000, 0x0000000082400000|  0%| F|  |TAMS 0x0000000082300000| PB 0x0000000082300000| Untracked 
|  36|0x0000000082400000, 0x0000000082400000, 0x0000000082500000|  0%| F|  |TAMS 0x0000000082400000| PB 0x0000000082400000| Untracked 
|  37|0x0000000082500000, 0x0000000082500000, 0x0000000082600000|  0%| F|  |TAMS 0x0000000082500000| PB 0x0000000082500000| Untracked 
|  38|0x0000000082600000, 0x0000000082600000, 0x0000000082700000|  0%| F|  |TAMS 0x0000000082600000| PB 0x0000000082600000| Untracked 
|  39|0x0000000082700000, 0x0000000082700000, 0x0000000082800000|  0%| F|  |TAMS 0x0000000082700000| PB 0x0000000082700000| Untracked 
|  40|0x0000000082800000, 0x0000000082800000, 0x0000000082900000|  0%| F|  |TAMS 0x0000000082800000| PB 0x0000000082800000| Untracked 
|  41|0x0000000082900000, 0x0000000082900000, 0x0000000082a00000|  0%| F|  |TAMS 0x0000000082900000| PB 0x0000000082900000| Untracked 
|  42|0x0000000082a00000, 0x0000000082a00000, 0x0000000082b00000|  0%| F|  |TAMS 0x0000000082a00000| PB 0x0000000082a00000| Untracked 
|  43|0x0000000082b00000, 0x0000000082b00000, 0x0000000082c00000|  0%| F|  |TAMS 0x0000000082b00000| PB 0x0000000082b00000| Untracked 
|  44|0x0000000082c00000, 0x0000000082c00000, 0x0000000082d00000|  0%| F|  |TAMS 0x0000000082c00000| PB 0x0000000082c00000| Untracked 
|  45|0x0000000082d00000, 0x0000000082d00000, 0x0000000082e00000|  0%| F|  |TAMS 0x0000000082d00000| PB 0x0000000082d00000| Untracked 
|  46|0x0000000082e00000, 0x0000000082e00000, 0x0000000082f00000|  0%| F|  |TAMS 0x0000000082e00000| PB 0x0000000082e00000| Untracked 
|  47|0x0000000082f00000, 0x0000000082f00000, 0x0000000083000000|  0%| F|  |TAMS 0x0000000082f00000| PB 0x0000000082f00000| Untracked 
|  48|0x0000000083000000, 0x0000000083000000, 0x0000000083100000|  0%| F|  |TAMS 0x0000000083000000| PB 0x0000000083000000| Untracked 
|  49|0x0000000083100000, 0x0000000083100000, 0x0000000083200000|  0%| F|  |TAMS 0x0000000083100000| PB 0x0000000083100000| Untracked 
|  50|0x0000000083200000, 0x0000000083200000, 0x0000000083300000|  0%| F|  |TAMS 0x0000000083200000| PB 0x0000000083200000| Untracked 
|  51|0x0000000083300000, 0x0000000083300000, 0x0000000083400000|  0%| F|  |TAMS 0x0000000083300000| PB 0x0000000083300000| Untracked 
|  52|0x0000000083400000, 0x0000000083400000, 0x0000000083500000|  0%| F|  |TAMS 0x0000000083400000| PB 0x0000000083400000| Untracked 
|  53|0x0000000083500000, 0x0000000083500000, 0x0000000083600000|  0%| F|  |TAMS 0x0000000083500000| PB 0x0000000083500000| Untracked 
|  54|0x0000000083600000, 0x0000000083600000, 0x0000000083700000|  0%| F|  |TAMS 0x0000000083600000| PB 0x0000000083600000| Untracked 
|  55|0x0000000083700000, 0x0000000083700000, 0x0000000083800000|  0%| F|  |TAMS 0x0000000083700000| PB 0x0000000083700000| Untracked 
|  56|0x0000000083800000, 0x0000000083800000, 0x0000000083900000|  0%| F|  |TAMS 0x0000000083800000| PB 0x0000000083800000| Untracked 
|  57|0x0000000083900000, 0x0000000083900000, 0x0000000083a00000|  0%| F|  |TAMS 0x0000000083900000| PB 0x0000000083900000| Untracked 
|  58|0x0000000083a00000, 0x0000000083a00000, 0x0000000083b00000|  0%| F|  |TAMS 0x0000000083a00000| PB 0x0000000083a00000| Untracked 
|  59|0x0000000083b00000, 0x0000000083b00000, 0x0000000083c00000|  0%| F|  |TAMS 0x0000000083b00000| PB 0x0000000083b00000| Untracked 
|  60|0x0000000083c00000, 0x0000000083c00000, 0x0000000083d00000|  0%| F|  |TAMS 0x0000000083c00000| PB 0x0000000083c00000| Untracked 
|  61|0x0000000083d00000, 0x0000000083d00000, 0x0000000083e00000|  0%| F|  |TAMS 0x0000000083d00000| PB 0x0000000083d00000| Untracked 
|  62|0x0000000083e00000, 0x0000000083e00000, 0x0000000083f00000|  0%| F|  |TAMS 0x0000000083e00000| PB 0x0000000083e00000| Untracked 
|  63|0x0000000083f00000, 0x0000000083f00000, 0x0000000084000000|  0%| F|  |TAMS 0x0000000083f00000| PB 0x0000000083f00000| Untracked 
|  64|0x0000000084000000, 0x0000000084000000, 0x0000000084100000|  0%| F|  |TAMS 0x0000000084000000| PB 0x0000000084000000| Untracked 
|  65|0x0000000084100000, 0x0000000084100000, 0x0000000084200000|  0%| F|  |TAMS 0x0000000084100000| PB 0x0000000084100000| Untracked 
|  66|0x0000000084200000, 0x0000000084200000, 0x0000000084300000|  0%| F|  |TAMS 0x0000000084200000| PB 0x0000000084200000| Untracked 
|  67|0x0000000084300000, 0x0000000084300000, 0x0000000084400000|  0%| F|  |TAMS 0x0000000084300000| PB 0x0000000084300000| Untracked 
|  68|0x0000000084400000, 0x0000000084400000, 0x0000000084500000|  0%| F|  |TAMS 0x0000000084400000| PB 0x0000000084400000| Untracked 
|  69|0x0000000084500000, 0x0000000084500000, 0x0000000084600000|  0%| F|  |TAMS 0x0000000084500000| PB 0x0000000084500000| Untracked 
|  70|0x0000000084600000, 0x0000000084600000, 0x0000000084700000|  0%| F|  |TAMS 0x0000000084600000| PB 0x0000000084600000| Untracked 
|  71|0x0000000084700000, 0x0000000084700000, 0x0000000084800000|  0%| F|  |TAMS 0x0000000084700000| PB 0x0000000084700000| Untracked 
|  72|0x0000000084800000, 0x0000000084800000, 0x0000000084900000|  0%| F|  |TAMS 0x0000000084800000| PB 0x0000000084800000| Untracked 
|  73|0x0000000084900000, 0x0000000084900000, 0x0000000084a00000|  0%| F|  |TAMS 0x0000000084900000| PB 0x0000000084900000| Untracked 
|  74|0x0000000084a00000, 0x0000000084a00000, 0x0000000084b00000|  0%| F|  |TAMS 0x0000000084a00000| PB 0x0000000084a00000| Untracked 
|  75|0x0000000084b00000, 0x0000000084b00000, 0x0000000084c00000|  0%| F|  |TAMS 0x0000000084b00000| PB 0x0000000084b00000| Untracked 
|  76|0x0000000084c00000, 0x0000000084c00000, 0x0000000084d00000|  0%| F|  |TAMS 0x0000000084c00000| PB 0x0000000084c00000| Untracked 
|  77|0x0000000084d00000, 0x0000000084d00000, 0x0000000084e00000|  0%| F|  |TAMS 0x0000000084d00000| PB 0x0000000084d00000| Untracked 
|  78|0x0000000084e00000, 0x0000000084e00000, 0x0000000084f00000|  0%| F|  |TAMS 0x0000000084e00000| PB 0x0000000084e00000| Untracked 
|  79|0x0000000084f00000, 0x0000000084f00000, 0x0000000085000000|  0%| F|  |TAMS 0x0000000084f00000| PB 0x0000000084f00000| Untracked 
|  80|0x0000000085000000, 0x0000000085000000, 0x0000000085100000|  0%| F|  |TAMS 0x0000000085000000| PB 0x0000000085000000| Untracked 
|  81|0x0000000085100000, 0x0000000085100000, 0x0000000085200000|  0%| F|  |TAMS 0x0000000085100000| PB 0x0000000085100000| Untracked 
|  82|0x0000000085200000, 0x0000000085200000, 0x0000000085300000|  0%| F|  |TAMS 0x0000000085200000| PB 0x0000000085200000| Untracked 
|  83|0x0000000085300000, 0x0000000085300000, 0x0000000085400000|  0%| F|  |TAMS 0x0000000085300000| PB 0x0000000085300000| Untracked 
|  84|0x0000000085400000, 0x0000000085400000, 0x0000000085500000|  0%| F|  |TAMS 0x0000000085400000| PB 0x0000000085400000| Untracked 
|  85|0x0000000085500000, 0x0000000085500000, 0x0000000085600000|  0%| F|  |TAMS 0x0000000085500000| PB 0x0000000085500000| Untracked 
|  86|0x0000000085600000, 0x0000000085600000, 0x0000000085700000|  0%| F|  |TAMS 0x0000000085600000| PB 0x0000000085600000| Untracked 
|  87|0x0000000085700000, 0x0000000085700000, 0x0000000085800000|  0%| F|  |TAMS 0x0000000085700000| PB 0x0000000085700000| Untracked 
|  88|0x0000000085800000, 0x0000000085800000, 0x0000000085900000|  0%| F|  |TAMS 0x0000000085800000| PB 0x0000000085800000| Untracked 
|  89|0x0000000085900000, 0x0000000085900000, 0x0000000085a00000|  0%| F|  |TAMS 0x0000000085900000| PB 0x0000000085900000| Untracked 
|  90|0x0000000085a00000, 0x0000000085a00000, 0x0000000085b00000|  0%| F|  |TAMS 0x0000000085a00000| PB 0x0000000085a00000| Untracked 
|  91|0x0000000085b00000, 0x0000000085b00000, 0x0000000085c00000|  0%| F|  |TAMS 0x0000000085b00000| PB 0x0000000085b00000| Untracked 
|  92|0x0000000085c00000, 0x0000000085c00000, 0x0000000085d00000|  0%| F|  |TAMS 0x0000000085c00000| PB 0x0000000085c00000| Untracked 
|  93|0x0000000085d00000, 0x0000000085d00000, 0x0000000085e00000|  0%| F|  |TAMS 0x0000000085d00000| PB 0x0000000085d00000| Untracked 
|  94|0x0000000085e00000, 0x0000000085e00000, 0x0000000085f00000|  0%| F|  |TAMS 0x0000000085e00000| PB 0x0000000085e00000| Untracked 
|  95|0x0000000085f00000, 0x0000000085f00000, 0x0000000086000000|  0%| F|  |TAMS 0x0000000085f00000| PB 0x0000000085f00000| Untracked 
|  96|0x0000000086000000, 0x0000000086000000, 0x0000000086100000|  0%| F|  |TAMS 0x0000000086000000| PB 0x0000000086000000| Untracked 
|  97|0x0000000086100000, 0x0000000086100000, 0x0000000086200000|  0%| F|  |TAMS 0x0000000086100000| PB 0x0000000086100000| Untracked 
|  98|0x0000000086200000, 0x0000000086200000, 0x0000000086300000|  0%| F|  |TAMS 0x0000000086200000| PB 0x0000000086200000| Untracked 
|  99|0x0000000086300000, 0x0000000086300000, 0x0000000086400000|  0%| F|  |TAMS 0x0000000086300000| PB 0x0000000086300000| Untracked 
| 100|0x0000000086400000, 0x0000000086400000, 0x0000000086500000|  0%| F|  |TAMS 0x0000000086400000| PB 0x0000000086400000| Untracked 
| 101|0x0000000086500000, 0x0000000086500000, 0x0000000086600000|  0%| F|  |TAMS 0x0000000086500000| PB 0x0000000086500000| Untracked 
| 102|0x0000000086600000, 0x0000000086600000, 0x0000000086700000|  0%| F|  |TAMS 0x0000000086600000| PB 0x0000000086600000| Untracked 
| 103|0x0000000086700000, 0x0000000086700000, 0x0000000086800000|  0%| F|  |TAMS 0x0000000086700000| PB 0x0000000086700000| Untracked 
| 104|0x0000000086800000, 0x0000000086800000, 0x0000000086900000|  0%| F|  |TAMS 0x0000000086800000| PB 0x0000000086800000| Untracked 
| 105|0x0000000086900000, 0x0000000086900000, 0x0000000086a00000|  0%| F|  |TAMS 0x0000000086900000| PB 0x0000000086900000| Untracked 
| 106|0x0000000086a00000, 0x0000000086a00000, 0x0000000086b00000|  0%| F|  |TAMS 0x0000000086a00000| PB 0x0000000086a00000| Untracked 
| 107|0x0000000086b00000, 0x0000000086b00000, 0x0000000086c00000|  0%| F|  |TAMS 0x0000000086b00000| PB 0x0000000086b00000| Untracked 
| 108|0x0000000086c00000, 0x0000000086c00000, 0x0000000086d00000|  0%| F|  |TAMS 0x0000000086c00000| PB 0x0000000086c00000| Untracked 
| 109|0x0000000086d00000, 0x0000000086d00000, 0x0000000086e00000|  0%| F|  |TAMS 0x0000000086d00000| PB 0x0000000086d00000| Untracked 
| 110|0x0000000086e00000, 0x0000000086e00000, 0x0000000086f00000|  0%| F|  |TAMS 0x0000000086e00000| PB 0x0000000086e00000| Untracked 
| 111|0x0000000086f00000, 0x0000000086f00000, 0x0000000087000000|  0%| F|  |TAMS 0x0000000086f00000| PB 0x0000000086f00000| Untracked 
| 112|0x0000000087000000, 0x0000000087000000, 0x0000000087100000|  0%| F|  |TAMS 0x0000000087000000| PB 0x0000000087000000| Untracked 
| 113|0x0000000087100000, 0x0000000087100000, 0x0000000087200000|  0%| F|  |TAMS 0x0000000087100000| PB 0x0000000087100000| Untracked 
| 114|0x0000000087200000, 0x0000000087200000, 0x0000000087300000|  0%| F|  |TAMS 0x0000000087200000| PB 0x0000000087200000| Untracked 
| 115|0x0000000087300000, 0x0000000087300000, 0x0000000087400000|  0%| F|  |TAMS 0x0000000087300000| PB 0x0000000087300000| Untracked 
| 116|0x0000000087400000, 0x0000000087400000, 0x0000000087500000|  0%| F|  |TAMS 0x0000000087400000| PB 0x0000000087400000| Untracked 
| 117|0x0000000087500000, 0x0000000087600000, 0x0000000087600000|100%| E|  |TAMS 0x0000000087500000| PB 0x0000000087500000| Complete 
| 118|0x0000000087600000, 0x0000000087700000, 0x0000000087700000|100%| E|CS|TAMS 0x0000000087600000| PB 0x0000000087600000| Complete 
| 119|0x0000000087700000, 0x0000000087800000, 0x0000000087800000|100%| E|CS|TAMS 0x0000000087700000| PB 0x0000000087700000| Complete 
| 120|0x0000000087800000, 0x0000000087900000, 0x0000000087900000|100%| E|CS|TAMS 0x0000000087800000| PB 0x0000000087800000| Complete 
| 121|0x0000000087900000, 0x0000000087a00000, 0x0000000087a00000|100%| E|CS|TAMS 0x0000000087900000| PB 0x0000000087900000| Complete 
| 122|0x0000000087a00000, 0x0000000087b00000, 0x0000000087b00000|100%| E|CS|TAMS 0x0000000087a00000| PB 0x0000000087a00000| Complete 
| 123|0x0000000087b00000, 0x0000000087c00000, 0x0000000087c00000|100%| E|CS|TAMS 0x0000000087b00000| PB 0x0000000087b00000| Complete 
| 124|0x0000000087c00000, 0x0000000087d00000, 0x0000000087d00000|100%| E|CS|TAMS 0x0000000087c00000| PB 0x0000000087c00000| Complete 
| 125|0x0000000087d00000, 0x0000000087e00000, 0x0000000087e00000|100%| E|CS|TAMS 0x0000000087d00000| PB 0x0000000087d00000| Complete 
| 126|0x0000000087e00000, 0x0000000087f00000, 0x0000000087f00000|100%| E|CS|TAMS 0x0000000087e00000| PB 0x0000000087e00000| Complete 
| 127|0x0000000087f00000, 0x0000000088000000, 0x0000000088000000|100%| E|CS|TAMS 0x0000000087f00000| PB 0x0000000087f00000| Complete 

Card table byte_map: [0x0000022dc6850000,0x0000022dc6c50000] _byte_map_base: 0x0000022dc6450000

Marking Bits: (CMBitMap*) 0x0000022db2f160a0
 Bits: [0x0000022dc6c50000, 0x0000022dc8c50000)

Polling page: 0x0000022db2680000

Metaspace:

Usage:
  Non-class:      1.66 MB used.
      Class:    265.88 KB used.
       Both:      1.92 MB used.

Virtual space:
  Non-class space:       64.00 MB reserved,       1.69 MB (  3%) committed,  1 nodes.
      Class space:        1.00 GB reserved,     320.00 KB ( <1%) committed,  1 nodes.
             Both:        1.06 GB reserved,       2.00 MB ( <1%) committed. 

Chunk freelists:
   Non-Class:  10.94 MB
       Class:  15.50 MB
        Both:  26.44 MB

MaxMetaspaceSize: unlimited
CompressedClassSpaceSize: 1.00 GB
Initial GC threshold: 21.00 MB
Current GC threshold: 21.00 MB
CDS: on
 - commit_granule_bytes: 65536.
 - commit_granule_words: 8192.
 - virtual_space_node_default_size: 8388608.
 - enlarge_chunks_in_place: 1.
 - use_allocation_guard: 0.


Internal statistics:

num_allocs_failed_limit: 0.
num_arena_births: 40.
num_arena_deaths: 0.
num_vsnodes_births: 2.
num_vsnodes_deaths: 0.
num_space_committed: 32.
num_space_uncommitted: 0.
num_chunks_returned_to_freelist: 0.
num_chunks_taken_from_freelist: 95.
num_chunk_merges: 0.
num_chunk_splits: 71.
num_chunks_enlarged: 54.
num_inconsistent_stats: 0.

CodeHeap 'non-profiled nmethods': size=120000Kb used=239Kb max_used=239Kb free=119760Kb
 bounds [0x0000022dbe9d0000, 0x0000022dbec40000, 0x0000022dc5f00000]
CodeHeap 'profiled nmethods': size=120000Kb used=962Kb max_used=962Kb free=119037Kb
 bounds [0x0000022db6f00000, 0x0000022db7170000, 0x0000022dbe430000]
CodeHeap 'non-nmethods': size=5760Kb used=1309Kb max_used=1325Kb free=4451Kb
 bounds [0x0000022dbe430000, 0x0000022dbe6a0000, 0x0000022dbe9d0000]
 total_blobs=1035 nmethods=613 adapters=327
 compilation: enabled
              stopped_count=0, restarted_count=0
 full_count=0

Compilation events (20 events):
Event: 0.522 Thread 0x0000022dcbac7920  523       3       java.lang.ClassLoader::definePackage (85 bytes)
Event: 0.522 Thread 0x0000022dcbac7920 nmethod 523 0x0000022db6fca290 code [0x0000022db6fca560, 0x0000022db6fcb410]
Event: 0.522 Thread 0x0000022dcbac7920  524       3       java.lang.Package::isSealed (26 bytes)
Event: 0.523 Thread 0x0000022dcbac7920 nmethod 524 0x0000022db6fcb910 code [0x0000022db6fcbac0, 0x0000022db6fcbda8]
Event: 0.523 Thread 0x0000022dcbac7920  525       3       java.lang.ClassLoader::compareCerts (197 bytes)
Event: 0.523 Thread 0x0000022dcbac7920 nmethod 525 0x0000022db6fcbe90 code [0x0000022db6fcc0c0, 0x0000022db6fcc908]
Event: 0.523 Thread 0x0000022dcbac7920  526  s    3       java.util.jar.JarFile::getInputStream (88 bytes)
Event: 0.523 Thread 0x0000022dcbac7920 nmethod 526 0x0000022db6fccc10 code [0x0000022db6fcce80, 0x0000022db6fcd658]
Event: 0.523 Thread 0x0000022dcbac7920  527       3       java.lang.StringConcatHelper::newString (67 bytes)
Event: 0.524 Thread 0x0000022dcbac7920 nmethod 527 0x0000022db6fcd890 code [0x0000022db6fcdb00, 0x0000022db6fce4b8]
Event: 0.524 Thread 0x0000022dcbac7920  528       3       java.lang.invoke.MethodType::genericMethodType (95 bytes)
Event: 0.524 Thread 0x0000022dcbac7920 nmethod 528 0x0000022db6fce890 code [0x0000022db6fceb40, 0x0000022db6fcf7e8]
Event: 0.524 Thread 0x0000022dcbac7920  529       1       java.lang.invoke.MethodHandleImpl::isCompileConstant (2 bytes)
Event: 0.524 Thread 0x0000022dcbac7920 nmethod 529 0x0000022dbea01b10 code [0x0000022dbea01ca0, 0x0000022dbea01d48]
Event: 0.524 Thread 0x0000022dcbac7920  530       3       java.lang.invoke.DirectMethodHandle::<init> (148 bytes)
Event: 0.525 Thread 0x0000022dcbac7920 nmethod 530 0x0000022db6fcfc10 code [0x0000022db6fcfee0, 0x0000022db6fd0cf0]
Event: 0.526 Thread 0x0000022dcbac7920  531       3       java.util.zip.ZipEntry::<init> (84 bytes)
Event: 0.526 Thread 0x0000022dcbac7920 nmethod 531 0x0000022db6fd1190 code [0x0000022db6fd1380, 0x0000022db6fd18f0]
Event: 0.529 Thread 0x0000022dcbac7920  532       3       java.lang.invoke.MethodType::changeReturnType (20 bytes)
Event: 0.529 Thread 0x0000022dcbac7920 nmethod 532 0x0000022db6fd1b10 code [0x0000022db6fd1cc0, 0x0000022db6fd1e80]

GC Heap History (0 events):
No events

Dll operation events (2 events):
Event: 0.041 Loaded shared library C:\Program Files\JetBrains\IntelliJIdea2025.2\jbr\bin\java.dll
Event: 0.123 Loaded shared library C:\Program Files\JetBrains\IntelliJIdea2025.2\jbr\bin\zip.dll

Deoptimization events (10 events):
Event: 0.365 Thread 0x0000022db2ebf910 Uncommon trap: trap_request=0xffffff45 fr.pc=0x0000022dbe9db0f0 relative=0x00000000000001b0
Event: 0.365 Thread 0x0000022db2ebf910 Uncommon trap: reason=unstable_if action=reinterpret pc=0x0000022dbe9db0f0 method=java.util.zip.ZipFile$Source.isMetaName([BII)Z @ 57 c2
Event: 0.365 Thread 0x0000022db2ebf910 DEOPT PACKING pc=0x0000022dbe9db0f0 sp=0x00000087a79fd960
Event: 0.365 Thread 0x0000022db2ebf910 DEOPT UNPACKING pc=0x0000022dbe4846a2 sp=0x00000087a79fd908 mode 2
Event: 0.439 Thread 0x0000022db2ebf910 Uncommon trap: trap_request=0xffffff45 fr.pc=0x0000022dbe9ea7c8 relative=0x00000000000000a8
Event: 0.439 Thread 0x0000022db2ebf910 Uncommon trap: reason=unstable_if action=reinterpret pc=0x0000022dbe9ea7c8 method=java.lang.CharacterDataLatin1.toUpperCaseEx(I)I @ 12 c2
Event: 0.439 Thread 0x0000022db2ebf910 DEOPT PACKING pc=0x0000022dbe9ea7c8 sp=0x00000087a79fe380
Event: 0.439 Thread 0x0000022db2ebf910 DEOPT UNPACKING pc=0x0000022dbe4846a2 sp=0x00000087a79fe2f8 mode 2
Event: 0.450 Thread 0x0000022db2ebf910 DEOPT PACKING pc=0x0000022db6f27bcc sp=0x00000087a79fcd30
Event: 0.450 Thread 0x0000022db2ebf910 DEOPT UNPACKING pc=0x0000022dbe484e42 sp=0x00000087a79fc150 mode 0

Classes loaded (20 events):
Event: 0.377 Loading class java/rmi/server/RMISocketFactory
Event: 0.377 Loading class java/rmi/server/RMIClientSocketFactory
Event: 0.377 Loading class java/rmi/server/RMIClientSocketFactory done
Event: 0.377 Loading class java/rmi/server/RMIServerSocketFactory
Event: 0.377 Loading class java/rmi/server/RMIServerSocketFactory done
Event: 0.377 Loading class java/rmi/server/RMISocketFactory done
Event: 0.377 Loading class java/rmi/server/ExportException
Event: 0.378 Loading class java/rmi/RemoteException
Event: 0.378 Loading class java/rmi/RemoteException done
Event: 0.378 Loading class java/rmi/server/ExportException done
Event: 0.378 Loading class java/rmi/Remote
Event: 0.378 Loading class java/rmi/Remote done
Event: 0.380 Loading class java/rmi/server/Unreferenced
Event: 0.380 Loading class java/rmi/server/Unreferenced done
Event: 0.411 Loading class java/security/cert/PKIXRevocationChecker
Event: 0.411 Loading class java/security/cert/PKIXRevocationChecker done
Event: 0.413 Loading class java/security/Provider$OPType
Event: 0.413 Loading class java/security/Provider$OPType done
Event: 0.496 Loading class java/security/spec/RSAKeyGenParameterSpec
Event: 0.496 Loading class java/security/spec/RSAKeyGenParameterSpec done

Classes unloaded (0 events):
No events

Classes redefined (0 events):
No events

Internal exceptions (0 events):
No events

ZGC Phase Switch (0 events):
No events

VM Operations (2 events):
Event: 0.412 Executing VM operation: HandshakeAllThreads (Deoptimize)
Event: 0.412 Executing VM operation: HandshakeAllThreads (Deoptimize) done

Memory protections (0 events):
No events

Nmethod flushes (0 events):
No events

Events (16 events):
Event: 0.093 Thread 0x0000022db2ebf910 Thread added: 0x0000022db2ebf910
Event: 0.133 Thread 0x0000022db2ebf910 Thread added: 0x0000022dcb984390
Event: 0.142 Thread 0x0000022db2ebf910 Thread added: 0x0000022dcb98ae60
Event: 0.142 Thread 0x0000022db2ebf910 Thread added: 0x0000022dcb98bd40
Event: 0.142 Thread 0x0000022db2ebf910 Thread added: 0x0000022dcb98e7b0
Event: 0.143 Thread 0x0000022db2ebf910 Thread added: 0x0000022dcbac0c10
Event: 0.143 Thread 0x0000022db2ebf910 Thread added: 0x0000022dcbac1670
Event: 0.143 Thread 0x0000022db2ebf910 Thread added: 0x0000022dcbac20d0
Event: 0.143 Thread 0x0000022db2ebf910 Thread added: 0x0000022dcbac6e80
Event: 0.143 Thread 0x0000022db2ebf910 Thread added: 0x0000022dcbac7920
Event: 0.280 Thread 0x0000022db2ebf910 Thread added: 0x0000022dcbc22470
Event: 0.307 Loaded shared library C:\Program Files\JetBrains\IntelliJIdea2025.2\jbr\bin\net.dll
Event: 0.320 Loaded shared library C:\Program Files\JetBrains\IntelliJIdea2025.2\jbr\bin\nio.dll
Event: 0.347 Thread 0x0000022dcbac6e80 Thread added: 0x0000022dcbc6e940
Event: 0.374 Loaded shared library C:\Program Files\JetBrains\IntelliJIdea2025.2\jbr\bin\zip.dll
Event: 0.405 Loaded shared library C:\Program Files\JetBrains\IntelliJIdea2025.2\jbr\bin\jimage.dll


Dynamic libraries:
0x00007ff7741a0000 - 0x00007ff7741aa000 	C:\Program Files\JetBrains\IntelliJIdea2025.2\jbr\bin\java.exe
0x00007fff4ddd0000 - 0x00007fff4dfe8000 	C:\WINDOWS\SYSTEM32\ntdll.dll
0x00007fff4cec0000 - 0x00007fff4cf84000 	C:\WINDOWS\System32\KERNEL32.DLL
0x00007fff4aeb0000 - 0x00007fff4b283000 	C:\WINDOWS\System32\KERNELBASE.dll
0x00007fff4b800000 - 0x00007fff4b911000 	C:\WINDOWS\System32\ucrtbase.dll
0x00007fff3a000000 - 0x00007fff3a018000 	C:\Program Files\JetBrains\IntelliJIdea2025.2\jbr\bin\jli.dll
0x00007fff45e00000 - 0x00007fff45e1b000 	C:\Program Files\JetBrains\IntelliJIdea2025.2\jbr\bin\VCRUNTIME140.dll
0x00007fff4dba0000 - 0x00007fff4dd52000 	C:\WINDOWS\System32\USER32.dll
0x00007fff3bab0000 - 0x00007fff3bd4c000 	C:\WINDOWS\WinSxS\amd64_microsoft.windows.common-controls_6595b64144ccf1df_6.0.22621.6060_none_2712eda17382d24b\COMCTL32.dll
0x00007fff4b4f0000 - 0x00007fff4b516000 	C:\WINDOWS\System32\win32u.dll
0x00007fff4bbc0000 - 0x00007fff4bc67000 	C:\WINDOWS\System32\msvcrt.dll
0x00007fff4da90000 - 0x00007fff4dab9000 	C:\WINDOWS\System32\GDI32.dll
0x00007fff4b920000 - 0x00007fff4ba3b000 	C:\WINDOWS\System32\gdi32full.dll
0x00007fff4b520000 - 0x00007fff4b5ba000 	C:\WINDOWS\System32\msvcp_win.dll
0x00007fff4d310000 - 0x00007fff4d341000 	C:\WINDOWS\System32\IMM32.DLL
0x00007fff46d10000 - 0x00007fff46d1c000 	C:\Program Files\JetBrains\IntelliJIdea2025.2\jbr\bin\vcruntime140_1.dll
0x00007fff19230000 - 0x00007fff192bd000 	C:\Program Files\JetBrains\IntelliJIdea2025.2\jbr\bin\msvcp140.dll
0x00007ffe95fc0000 - 0x00007ffe96d84000 	C:\Program Files\JetBrains\IntelliJIdea2025.2\jbr\bin\server\jvm.dll
0x00007fff4cff0000 - 0x00007fff4d0a1000 	C:\WINDOWS\System32\ADVAPI32.dll
0x00007fff4d0b0000 - 0x00007fff4d158000 	C:\WINDOWS\System32\sechost.dll
0x00007fff4b350000 - 0x00007fff4b378000 	C:\WINDOWS\System32\bcrypt.dll
0x00007fff4ba50000 - 0x00007fff4bb68000 	C:\WINDOWS\System32\RPCRT4.dll
0x00007fff4d6b0000 - 0x00007fff4d721000 	C:\WINDOWS\System32\WS2_32.dll
0x00007fff46bd0000 - 0x00007fff46c04000 	C:\WINDOWS\SYSTEM32\WINMM.dll
0x00007fff4ad90000 - 0x00007fff4addd000 	C:\WINDOWS\SYSTEM32\POWRPROF.dll
0x00007fff46c10000 - 0x00007fff46c1a000 	C:\WINDOWS\SYSTEM32\VERSION.dll
0x00007fff4ad60000 - 0x00007fff4ad73000 	C:\WINDOWS\SYSTEM32\UMPDC.dll
0x00007fff49e90000 - 0x00007fff49ea8000 	C:\WINDOWS\SYSTEM32\kernel.appcore.dll
0x00007fff45df0000 - 0x00007fff45dfa000 	C:\Program Files\JetBrains\IntelliJIdea2025.2\jbr\bin\jimage.dll
0x00007fff489e0000 - 0x00007fff48c13000 	C:\WINDOWS\SYSTEM32\DBGHELP.DLL
0x00007fff4cb20000 - 0x00007fff4ceb1000 	C:\WINDOWS\System32\combase.dll
0x00007fff4d360000 - 0x00007fff4d438000 	C:\WINDOWS\System32\OLEAUT32.dll
0x00007fff34db0000 - 0x00007fff34de2000 	C:\WINDOWS\SYSTEM32\dbgcore.DLL
0x00007fff4b780000 - 0x00007fff4b7fb000 	C:\WINDOWS\System32\bcryptPrimitives.dll
0x00007fff39fe0000 - 0x00007fff3a000000 	C:\Program Files\JetBrains\IntelliJIdea2025.2\jbr\bin\java.dll
0x00007fff4c280000 - 0x00007fff4cb1c000 	C:\WINDOWS\System32\SHELL32.dll
0x00007fff4b640000 - 0x00007fff4b77f000 	C:\WINDOWS\System32\wintypes.dll
0x00007fff48db0000 - 0x00007fff496ca000 	C:\WINDOWS\SYSTEM32\windows.storage.dll
0x00007fff4d4f0000 - 0x00007fff4d5f4000 	C:\WINDOWS\System32\SHCORE.dll
0x00007fff4db30000 - 0x00007fff4db99000 	C:\WINDOWS\System32\shlwapi.dll
0x00007fff4ade0000 - 0x00007fff4ae05000 	C:\WINDOWS\SYSTEM32\profapi.dll
0x00007fff39fa0000 - 0x00007fff39fb8000 	C:\Program Files\JetBrains\IntelliJIdea2025.2\jbr\bin\zip.dll
0x00007fff3a100000 - 0x00007fff3a110000 	C:\Program Files\JetBrains\IntelliJIdea2025.2\jbr\bin\net.dll
0x00007fff46a80000 - 0x00007fff46bac000 	C:\WINDOWS\SYSTEM32\WINHTTP.dll
0x00007fff4a370000 - 0x00007fff4a3d9000 	C:\WINDOWS\system32\mswsock.dll
0x00007fff36dd0000 - 0x00007fff36de6000 	C:\Program Files\JetBrains\IntelliJIdea2025.2\jbr\bin\nio.dll

dbghelp: loaded successfully - version: 4.0.5 - missing functions: none
symbol engine: initialized successfully - sym options: 0x614 - pdb path: .;C:\Program Files\JetBrains\IntelliJIdea2025.2\jbr\bin;C:\WINDOWS\SYSTEM32;C:\WINDOWS\WinSxS\amd64_microsoft.windows.common-controls_6595b64144ccf1df_6.0.22621.6060_none_2712eda17382d24b;C:\Program Files\JetBrains\IntelliJIdea2025.2\jbr\bin\server

VM Arguments:
jvm_args: -Djava.rmi.server.hostname=127.0.0.1 -Duser.timezone=UTC -Xmx2048m -Xms128m -Djdbc.classpath=C:\Users\rdima\AppData\Local\Temp\RemoteDriver5.classpath.txt --add-exports=java.desktop/sun.awt=ALL-UNNAMED --add-exports=java.desktop/java.awt.peer=ALL-UNNAMED --add-opens=java.desktop/java.awt=ALL-UNNAMED --add-opens=jdk.unsupported/sun.misc=ALL-UNNAMED --add-opens=java.base/java.nio=ALL-UNNAMED --add-opens=java.base/java.util=ALL-UNNAMED -Dfile.encoding=UTF-8 -Dsun.stdout.encoding=UTF-8 -Dsun.stderr.encoding=UTF-8 
java_command: com.intellij.database.remote.RemoteJdbcServer com.mysql.cj.jdbc.Driver
java_class_path (initial): C:\Program Files\JetBrains\IntelliJIdea2025.2\lib\util_rt.jar;C:\Program Files\JetBrains\IntelliJIdea2025.2\lib\util-8.jar;C:\Program Files\JetBrains\IntelliJIdea2025.2\lib\groovy.jar;C:\Program Files\JetBrains\IntelliJIdea2025.2\plugins\DatabaseTools\lib\jdbc-console.jar;C:\Program Files\JetBrains\IntelliJIdea2025.2\lib\modules\intellij.grid.types.jar;C:\Program Files\JetBrains\IntelliJIdea2025.2\lib\util.jar;C:\Program Files\JetBrains\IntelliJIdea2025.2\lib\bouncy-castle.jar
Launcher Type: SUN_STANDARD

[Global flags]
     intx CICompilerCount                          = 4                                         {product} {ergonomic}
     uint ConcGCThreads                            = 3                                         {product} {ergonomic}
     uint G1ConcRefinementThreads                  = 10                                        {product} {ergonomic}
   size_t G1HeapRegionSize                         = 1048576                                   {product} {ergonomic}
    uintx GCDrainStackTargetSize                   = 64                                        {product} {ergonomic}
   size_t InitialHeapSize                          = 134217728                                 {product} {command line}
   size_t MarkStackSize                            = 4194304                                   {product} {ergonomic}
   size_t MaxHeapSize                              = 2147483648                                {product} {command line}
   size_t MaxNewSize                               = 1287651328                                {product} {ergonomic}
   size_t MinHeapDeltaBytes                        = 1048576                                   {product} {ergonomic}
   size_t MinHeapSize                              = 134217728                                 {product} {command line}
    uintx NonNMethodCodeHeapSize                   = 5839372                                {pd product} {ergonomic}
    uintx NonProfiledCodeHeapSize                  = 122909434                              {pd product} {ergonomic}
    uintx ProfiledCodeHeapSize                     = 122909434                              {pd product} {ergonomic}
    uintx ReservedCodeCacheSize                    = 251658240                              {pd product} {ergonomic}
     bool SegmentedCodeCache                       = true                                      {product} {ergonomic}
   size_t SoftMaxHeapSize                          = 2147483648                             {manageable} {ergonomic}
     bool UseCompressedOops                        = true                           {product lp64_product} {ergonomic}
     bool UseG1GC                                  = true                                      {product} {ergonomic}
     bool UseLargePagesIndividualAllocation        = false                                  {pd product} {ergonomic}

Logging:
Log output configuration:
 #0: stdout all=warning uptime,level,tags foldmultilines=false
 #1: stderr all=off uptime,level,tags foldmultilines=false

Environment Variables:
PATH=C:\Program Files (x86)\Common Files\Oracle\Java\java8path;C:\Program Files (x86)\Common Files\Oracle\Java\javapath;C:\Windows;E:\Apps\FFMPEG\bin;C:\ProgramData\chocolatey\bin;D:\Programs languages\;C:\Program Files\Git\cmd;C:\Users\rdima\AppData\Local\Programs\Python\Python312\Scripts\;C:\Users\rdima\AppData\Local\Programs\Python\Python312\;C:\Program Files\MySQL\MySQL Shell 8.0\bin\;D:\JetBrains\IntelliJ IDEA 2022.1.2\bin;C:\WINDOWS\system32;C:\Users\rdima\AppData\Local\Programs\Microsoft VS Code\bin;C:\Users\rdima\AppData\Roaming\npm
USERNAME=rdima
OS=Windows_NT
PROCESSOR_IDENTIFIER=AMD64 Family 25 Model 80 Stepping 0, AuthenticAMD
TMP=C:\Users\rdima\AppData\Local\Temp
TEMP=C:\Users\rdima\AppData\Local\Temp




Periodic native trim disabled

JNI global refs:
JNI global refs: 9, weak refs: 0

JNI global refs memory usage: 835, weak refs: 833

Process memory usage:
Resident Set Size: 75180K (0% of 14528572K total physical memory with 1070268K free physical memory)

OOME stack traces (most recent first):
Classloader memory used:
Loader jdk.internal.loader.ClassLoaders$AppClassLoader                                 : 1266K
Loader bootstrap                                                                       : 734K

---------------  S Y S T E M  ---------------

OS:
 Windows 11 , 64 bit Build 22621 (10.0.22621.5415)
OS uptime: 3 days 4:38 hours

CPU: total 12 (initial active 12) (12 cores per cpu, 2 threads per core) family 25 model 80 stepping 0 microcode 0x0, cx8, cmov, fxsr, ht, mmx, 3dnowpref, sse, sse2, sse3, ssse3, sse4a, sse4.1, sse4.2, popcnt, lzcnt, tsc, tscinvbit, avx, avx2, aes, erms, clmul, bmi1, bmi2, adx, sha, fma, vzeroupper, clflush, clflushopt, rdtscp, rdpid, fsrm, f16c, pku, cet_ss
Processor Information for processor 0
  Max Mhz: 3301, Current Mhz: 3301, Mhz Limit: 3301
Processor Information for processor 1
  Max Mhz: 3301, Current Mhz: 2630, Mhz Limit: 3301
Processor Information for processor 2
  Max Mhz: 3301, Current Mhz: 3301, Mhz Limit: 3301
Processor Information for processor 3
  Max Mhz: 3301, Current Mhz: 2630, Mhz Limit: 3301
Processor Information for processor 4
  Max Mhz: 3301, Current Mhz: 3301, Mhz Limit: 3301
Processor Information for processor 5
  Max Mhz: 3301, Current Mhz: 3301, Mhz Limit: 3301
Processor Information for processor 6
  Max Mhz: 3301, Current Mhz: 3301, Mhz Limit: 3301
Processor Information for processor 7
  Max Mhz: 3301, Current Mhz: 3301, Mhz Limit: 3301
Processor Information for processor 8
  Max Mhz: 3301, Current Mhz: 3301, Mhz Limit: 3301
Processor Information for processor 9
  Max Mhz: 3301, Current Mhz: 3301, Mhz Limit: 3301
Processor Information for processor 10
  Max Mhz: 3301, Current Mhz: 2630, Mhz Limit: 3301
Processor Information for processor 11
  Max Mhz: 3301, Current Mhz: 3301, Mhz Limit: 3301

Memory: 4k page, system-wide physical 14188M (1045M free)
TotalPageFile size 22380M (AvailPageFile size 6M)
current process WorkingSet (physical memory assigned to process): 73M, peak: 73M
current process commit charge ("private bytes"): 236M, peak: 237M

vm_info: OpenJDK 64-Bit Server VM (21.0.7+6-b1038.58) for windows-amd64 JRE (21.0.7+6-b1038.58), built on 2025-07-07 by "builduser" with MS VC++ 16.10 / 16.11 (VS2019)

END.
